Microchip MPLAB XC8 Compiler V1.12 ()

Linker command line:

--edf=C:\Program Files (x86)\Microchip\xc8\v1.12\dat\en_msgs.txt -cs \
  -h+dist/default/production\uart-demo-pic16.X.production.sym -z -Q16F88 \
  -ol.obj -Mdist/default/production/uart-demo-pic16.X.production.map -E1 \
  -ver=XC8 -ACONST=00h-0FFhx16 -ACODE=00h-07FFhx2 -ASTRCODE=00h-0FFFh \
  -AENTRY=00h-0FFhx16 -ASTRING=00h-0FFhx16 -ACOMMON=070h-07Fh \
  -ABANK0=020h-06Fh -ABANK1=0A0h-0EFh -ABANK2=0110h-016Fh \
  -ABANK3=0190h-01EFh -ARAM=020h-06Fh,0A0h-0EFh,0110h-016Fh,0190h-01EFh \
  -AABS1=020h-07Fh,0A0h-0EFh,0110h-016Fh,0190h-01EFh -ASFR0=00h-01Fh \
  -ASFR1=080h-09Fh -ASFR2=0100h-010Fh -ASFR3=0180h-018Fh \
  -preset_vec=00h,intentry,init,end_init -ppowerup=CODE -pfunctab=CODE \
  -ACONFIG=02007h-02008h -pconfig=CONFIG -DCONFIG=2 -AIDLOC=02000h-02003h \
  -pidloc=IDLOC -DIDLOC=2 -AEEDATA=00h-0FFh/02100h -peeprom_data=EEDATA \
  -DEEDATA=2 -DCODE=2 -DSTRCODE=2 -DSTRING=2 -DCONST=2 -DENTRY=2 -k \
  C:\Users\Ruben\AppData\Local\Temp\s6as.obj \
  dist/default/production\uart-demo-pic16.X.production.obj 

Object code version is 3.10

Machine type is 16F88



                Name                               Link     Load   Length Selector   Space Scale
C:\Users\Ruben\AppData\Local\Temp\s6as.obj
                end_init                              0        0        2        0       0
                config                             2007     2007        2     400E       0
dist/default/production\uart-demo-pic16.X.production.obj
                text247                             6EA      6EA       6D      DD4       0
                text246                             653      653       21      CA6       0
                text245                             5E3      5E3       14      BC6       0
                text244                             5F7      5F7       15      BEE       0
                text243                             622      622       18      C44       0
                text242                             674      674       29      CE8       0
                text241                             63A      63A       19      C74       0
                text240                             69D      69D       4D      D3A       0
                text239                             60C      60C       16      C18       0
                maintext                            757      757       A9      EAE       0
                cstackBANK0                          20       20       1A       20       1
                cstackCOMMON                         70       70        E       70       1
                cinit                               5E0      5E0        3      BC0       0
                strings                               2        2       1D        4       0

TOTAL           Name                               Link     Load   Length     Space
        CLASS   CONST          

        CLASS   CODE           
                end_init                              0        0        2         0
                text247                             6EA      6EA       6D         0
                text246                             653      653       21         0
                text245                             5E3      5E3       14         0
                text244                             5F7      5F7       15         0
                text243                             622      622       18         0
                text242                             674      674       29         0
                text241                             63A      63A       19         0
                text240                             69D      69D       4D         0
                text239                             60C      60C       16         0
                maintext                            757      757       A9         0
                cinit                               5E0      5E0        3         0

        CLASS   STRCODE        

        CLASS   ENTRY          

        CLASS   STRING         
                strings                               2        2       1D         0

        CLASS   COMMON         
                cstackCOMMON                         70       70        E         1

        CLASS   BANK0          
                cstackBANK0                          20       20       1A         1

        CLASS   BANK1          

        CLASS   BANK2          

        CLASS   BANK3          

        CLASS   RAM            

        CLASS   ABS1           
                abs_s1                               7E       7E        2         1

        CLASS   SFR0           

        CLASS   SFR1           

        CLASS   SFR2           

        CLASS   SFR3           

        CLASS   CONFIG         
                config                             2007     2007        2         0

        CLASS   IDLOC          

        CLASS   EEDATA         



SEGMENTS        Name                           Load    Length   Top    Selector   Space  Class     Delta

                reset_vec                      000000  000002  000002         0       0  CODE        2
                strings                        000002  00001D  00001F         4       0  STRING      2
                cstackBANK0                    000020  00001A  00003A        20       1  BANK0       1
                cstackCOMMON                   000070  00000E  00007E        70       1  COMMON      1
                cinit                          0005E0  000003  0005E3       BC0       0  CODE        2
                text245                        0005E3  000014  0005F7       BC6       0  CODE        2
                text244                        0005F7  000015  00060C       BEE       0  CODE        2
                text239                        00060C  000016  000622       C18       0  CODE        2
                text243                        000622  000018  00063A       C44       0  CODE        2
                text241                        00063A  000019  000653       C74       0  CODE        2
                text246                        000653  000021  000674       CA6       0  CODE        2
                text242                        000674  000029  00069D       CE8       0  CODE        2
                text240                        00069D  00004D  0006EA       D3A       0  CODE        2
                text247                        0006EA  00006D  000757       DD4       0  CODE        2
                maintext                       000757  0000A9  000800       EAE       0  CODE        2
                config                         002007  000002  002009      400E       0  CONFIG      2


UNUSED ADDRESS RANGES

        Name                Unused          Largest block    Delta
        BANK0            003A-006F             36           1
        BANK1            00A0-00EF             50           1
        BANK2            0110-016F             60           1
        BANK3            0190-01EF             60           1
        CODE             001F-05DF            5C1           2
                         0800-0FFF            800
        CONST            001F-05DF            100           2
                         0800-0FFF            100
        EEDATA           2100-21FF            100           2
        ENTRY            001F-05DF            100           2
                         0800-0FFF            100
        IDLOC            2000-2003              4           2
        RAM              003A-006F             36           1
                         00A0-00EF             50
                         0110-016F             60
                         0190-01EF             60
        SFR0             0000-001F             20           1
        SFR1             0080-009F             20           1
        SFR2             0100-010F             10           1
        SFR3             0180-018F             10           1
        STRCODE          001F-05DF            5C1           2
                         0800-0FFF            800
        STRING           001F-05DF            100           2
                         0800-0FFF            100

                                  Symbol Table

?___lldiv                  cstackCOMMON 0070
?_uart_control             cstackBANK0  0020
?_uart_puts                cstackCOMMON 0070
?_uart_write               cstackCOMMON 0070
?_uart_write_array         cstackCOMMON 0070
_ANSEL                     (abs)        009B
_PIR1bits                  (abs)        000C
_RCREG                     (abs)        001A
_RCSTA                     (abs)        0018
_RCSTAbits                 (abs)        0018
_SPBRG                     (abs)        0099
_TRISA                     (abs)        0085
_TRISB                     (abs)        0086
_TXREG                     (abs)        0019
_TXSTA                     (abs)        0098
_TXSTAbits                 (abs)        0098
__CFG_BOREN$OFF            (abs)        0000
__CFG_CCPMX$RB0            (abs)        0000
__CFG_CP$OFF               (abs)        0000
__CFG_CPD$OFF              (abs)        0000
__CFG_FCMEN$OFF            (abs)        0000
__CFG_FOSC$XT              (abs)        0000
__CFG_IESO$OFF             (abs)        0000
__CFG_LVP$OFF              (abs)        0000
__CFG_MCLRE$ON             (abs)        0000
__CFG_PWRTE$OFF            (abs)        0000
__CFG_WDTE$OFF             (abs)        0000
__CFG_WRT$OFF              (abs)        0000
__Habs1                    abs1         0000
__Hbank0                   bank0        0000
__Hbank1                   bank1        0000
__Hbank2                   bank2        0000
__Hbank3                   bank3        0000
__Hcinit                   cinit        0000
__Hclrtext                 clrtext      0000
__Hcode                    code         0000
__Hcommon                  common       0000
__Hconfig                  config       2009
__HcstackBANK0             cstackBANK0  0000
__HcstackCOMMON            cstackCOMMON 0000
__Heeprom_data             eeprom_data  0000
__Hend_init                end_init     0002
__Hfunctab                 functab      0000
__Hidloc                   idloc        0000
__Hinit                    init         0000
__Hintentry                intentry     0000
__Hmaintext                maintext     0000
__Hpowerup                 powerup      0000
__Hram                     ram          0000
__Hreset_vec               reset_vec    0000
__Hsfr0                    sfr0         0000
__Hsfr1                    sfr1         0000
__Hsfr2                    sfr2         0000
__Hsfr3                    sfr3         0000
__Hstrings                 strings      0000
__Htext                    text         0000
__Labs1                    abs1         0000
__Lbank0                   bank0        0000
__Lbank1                   bank1        0000
__Lbank2                   bank2        0000
__Lbank3                   bank3        0000
__Lcinit                   cinit        0000
__Lclrtext                 clrtext      0000
__Lcode                    code         0000
__Lcommon                  common       0000
__Lconfig                  config       2007
__LcstackBANK0             cstackBANK0  0000
__LcstackCOMMON            cstackCOMMON 0000
__Leeprom_data             eeprom_data  0000
__Lend_init                end_init     0000
__Lfunctab                 functab      0000
__Lidloc                   idloc        0000
__Linit                    init         0000
__Lintentry                intentry     0000
__Lmaintext                maintext     0000
__Lpowerup                 powerup      0000
__Lram                     ram          0000
__Lreset_vec               reset_vec    0000
__Lsfr0                    sfr0         0000
__Lsfr1                    sfr1         0000
__Lsfr2                    sfr2         0000
__Lsfr3                    sfr3         0000
__Lstrings                 strings      0000
__Ltext                    text         0000
__S0                       (abs)        2009
__S1                       (abs)        007E
__S2                       (abs)        0000
___lldiv                   text247      06EA
___lldiv@counter           cstackCOMMON 007D
___lldiv@dividend          cstackCOMMON 0074
___lldiv@divisor           cstackCOMMON 0070
___lldiv@quotient          cstackCOMMON 0079
__end_of___lldiv           text247      0757
__end_of__initialization   cinit        05E0
__end_of__stringdata       strings      001F
__end_of__stringtab        strings      0008
__end_of_main              maintext     0800
__end_of_uart_available    text243      063A
__end_of_uart_control      text240      06EA
__end_of_uart_init         text239      0622
__end_of_uart_open         text241      0653
__end_of_uart_puts         text242      069D
__end_of_uart_read         text244      060C
__end_of_uart_write        text245      05F7
__end_of_uart_write_array  text246      0674
__initialization           cinit        05E0
__pcstackBANK0             cstackBANK0  0020
__pcstackCOMMON            cstackCOMMON 0070
__pmaintext                maintext     0757
__pstrings                 strings      0002
__ptext239                 text239      060C
__ptext240                 text240      069D
__ptext241                 text241      063A
__ptext242                 text242      0674
__ptext243                 text243      0622
__ptext244                 text244      05F7
__ptext245                 text245      05E3
__ptext246                 text246      0653
__ptext247                 text247      06EA
__ptext248                 text248      0000
__size_of___lldiv          (abs)        0000
__size_of_main             (abs)        0000
__size_of_uart_available   (abs)        0000
__size_of_uart_control     (abs)        0000
__size_of_uart_init        (abs)        0000
__size_of_uart_open        (abs)        0000
__size_of_uart_puts        (abs)        0000
__size_of_uart_read        (abs)        0000
__size_of_uart_write       (abs)        0000
__size_of_uart_write_array (abs)        0000
__stringdata               strings      0008
__stringtab                strings      0002
_main                      maintext     0757
_uart_available            text243      0622
_uart_control              text240      069D
_uart_init                 text239      060C
_uart_open                 text241      063A
_uart_puts                 text242      0674
_uart_read                 text244      05F7
_uart_write                text245      05E3
_uart_write_array          text246      0653
btemp                      (abs)        007E
end_of_initialization      cinit        05E0
intlevel0                  functab      0000
intlevel1                  functab      0000
intlevel2                  functab      0000
intlevel3                  functab      0000
intlevel4                  functab      0000
intlevel5                  functab      0000
main@buf                   cstackBANK0  002E
main@index                 cstackBANK0  0038
main@uart1                 cstackBANK0  0039
reset_vec                  reset_vec    0000
start                      init         0000
start_initialization       cinit        05E0
uart_available@uartd       cstackCOMMON 0070
uart_control@arg           cstackBANK0  0024
uart_control@uartd         cstackBANK0  002C
uart_init@eUART            cstackCOMMON 0070
uart_open@uartd            cstackCOMMON 0070
uart_puts@string           cstackCOMMON 0070
uart_puts@uartd            cstackCOMMON 0072
uart_read@uartd            cstackCOMMON 0070
uart_write@data            cstackCOMMON 0070
uart_write@uartd           cstackCOMMON 0071
uart_write_array@len       cstackCOMMON 0071
uart_write_array@txbuf     cstackCOMMON 0070
wtemp0                     (abs)        007E


FUNCTION INFORMATION:

 *************** function _main *****************
 Defined at:
		line 33 in file "main.c"
 Parameters:    Size  Location     Type
		None
 Auto vars:     Size  Location     Type
  buf            10   14[BANK0 ] unsigned char [10]
  uart1           1   25[BANK0 ] unsigned char 
  index           1   24[BANK0 ] unsigned char 
 Return value:  Size  Location     Type
		None               void
 Registers used:
		wreg, fsr0l, fsr0h, status,2, status,0, pclath, cstack
 Tracked objects:
		On entry : 
		On exit  : 
		Unchanged: 
 Data sizes:     COMMON   BANK0   BANK1   BANK3   BANK2
      Params:         0       0       0       0       0
      Locals:         0      12       0       0       0
      Temps:          0       1       0       0       0
      Totals:         0      13       0       0       0
Total ram usage:       13 bytes
 Hardware stack levels required when called:    2
 This function calls:
		_uart_init
		_uart_control
		_uart_open
		_uart_puts
		_uart_available
		_uart_read
		_uart_write
		_uart_write_array
 This function is called by:
		Startup code after reset
 This function uses a non-reentrant model


 *************** function _uart_init *****************
 Defined at:
		line 10 in file "C:/Users/Ruben/Dropbox/Electronics/MCULib/UART/UART-PIC16.c"
 Parameters:    Size  Location     Type
  eUART           1    wreg     enum E988
 Auto vars:     Size  Location     Type
  eUART           1    0[COMMON] enum E988
 Return value:  Size  Location     Type
                  1    wreg      unsigned char 
 Registers used:
		wreg, status,2
 Tracked objects:
		On entry : 
		On exit  : 
		Unchanged: 
 Data sizes:     COMMON   BANK0   BANK1   BANK3   BANK2
      Params:         0       0       0       0       0
      Locals:         1       0       0       0       0
      Temps:          0       0       0       0       0
      Totals:         1       0       0       0       0
Total ram usage:        1 bytes
 Hardware stack levels used:    1
 This function calls:
		Nothing
 This function is called by:
		_main
 This function uses a non-reentrant model


 *************** function _uart_control *****************
 Defined at:
		line 28 in file "C:/Users/Ruben/Dropbox/Electronics/MCULib/UART/UART-PIC16.c"
 Parameters:    Size  Location     Type
  uartd           1    wreg     unsigned char 
  ctrl            4    0[BANK0 ] unsigned long 
  arg             4    4[BANK0 ] unsigned long 
 Auto vars:     Size  Location     Type
  uartd           1   12[BANK0 ] unsigned char 
 Return value:  Size  Location     Type
                  1    wreg      unsigned char 
 Registers used:
		wreg, status,2, status,0, pclath, cstack
 Tracked objects:
		On entry : 
		On exit  : 
		Unchanged: 
 Data sizes:     COMMON   BANK0   BANK1   BANK3   BANK2
      Params:         0       8       0       0       0
      Locals:         0       1       0       0       0
      Temps:          0       4       0       0       0
      Totals:         0      13       0       0       0
Total ram usage:       13 bytes
 Hardware stack levels used:    1
 Hardware stack levels required when called:    1
 This function calls:
		___lldiv
 This function is called by:
		_main
 This function uses a non-reentrant model


 *************** function _uart_open *****************
 Defined at:
		line 52 in file "C:/Users/Ruben/Dropbox/Electronics/MCULib/UART/UART-PIC16.c"
 Parameters:    Size  Location     Type
  uartd           1    wreg     unsigned char 
 Auto vars:     Size  Location     Type
  uartd           1    0[COMMON] unsigned char 
 Return value:  Size  Location     Type
                  1    wreg      enum E971
 Registers used:
		wreg
 Tracked objects:
		On entry : 
		On exit  : 
		Unchanged: 
 Data sizes:     COMMON   BANK0   BANK1   BANK3   BANK2
      Params:         0       0       0       0       0
      Locals:         1       0       0       0       0
      Temps:          0       0       0       0       0
      Totals:         1       0       0       0       0
Total ram usage:        1 bytes
 Hardware stack levels used:    1
 This function calls:
		Nothing
 This function is called by:
		_main
 This function uses a non-reentrant model


 *************** function _uart_puts *****************
 Defined at:
		line 140 in file "C:/Users/Ruben/Dropbox/Electronics/MCULib/UART/UART-PIC16.c"
 Parameters:    Size  Location     Type
  uartd           1    wreg     unsigned char 
  string          1    0[COMMON] PTR const unsigned char 
		 -> STR_4(3), STR_3(7), STR_2(3), STR_1(16), 
 Auto vars:     Size  Location     Type
  uartd           1    2[COMMON] unsigned char 
 Return value:  Size  Location     Type
		None               void
 Registers used:
		wreg, fsr0l, fsr0h, status,2, status,0, pclath
 Tracked objects:
		On entry : 
		On exit  : 
		Unchanged: 
 Data sizes:     COMMON   BANK0   BANK1   BANK3   BANK2
      Params:         1       0       0       0       0
      Locals:         1       0       0       0       0
      Temps:          1       0       0       0       0
      Totals:         3       0       0       0       0
Total ram usage:        3 bytes
 Hardware stack levels used:    2
 This function calls:
		Nothing
 This function is called by:
		_main
 This function uses a non-reentrant model


 *************** function _uart_available *****************
 Defined at:
		line 161 in file "C:/Users/Ruben/Dropbox/Electronics/MCULib/UART/UART-PIC16.c"
 Parameters:    Size  Location     Type
  uartd           1    wreg     unsigned char 
 Auto vars:     Size  Location     Type
  uartd           1    0[COMMON] unsigned char 
 Return value:  Size  Location     Type
                  1    wreg      enum E971
 Registers used:
		wreg
 Tracked objects:
		On entry : 
		On exit  : 
		Unchanged: 
 Data sizes:     COMMON   BANK0   BANK1   BANK3   BANK2
      Params:         0       0       0       0       0
      Locals:         1       0       0       0       0
      Temps:          0       0       0       0       0
      Totals:         1       0       0       0       0
Total ram usage:        1 bytes
 Hardware stack levels used:    1
 This function calls:
		Nothing
 This function is called by:
		_main
 This function uses a non-reentrant model


 *************** function _uart_read *****************
 Defined at:
		line 99 in file "C:/Users/Ruben/Dropbox/Electronics/MCULib/UART/UART-PIC16.c"
 Parameters:    Size  Location     Type
  uartd           1    wreg     unsigned char 
 Auto vars:     Size  Location     Type
  uartd           1    0[COMMON] unsigned char 
 Return value:  Size  Location     Type
                  1    wreg      unsigned char 
 Registers used:
		wreg
 Tracked objects:
		On entry : 
		On exit  : 
		Unchanged: 
 Data sizes:     COMMON   BANK0   BANK1   BANK3   BANK2
      Params:         0       0       0       0       0
      Locals:         1       0       0       0       0
      Temps:          0       0       0       0       0
      Totals:         1       0       0       0       0
Total ram usage:        1 bytes
 Hardware stack levels used:    1
 This function calls:
		Nothing
 This function is called by:
		_main
 This function uses a non-reentrant model


 *************** function _uart_write *****************
 Defined at:
		line 76 in file "C:/Users/Ruben/Dropbox/Electronics/MCULib/UART/UART-PIC16.c"
 Parameters:    Size  Location     Type
  uartd           1    wreg     unsigned char 
  data            1    0[COMMON] unsigned char 
 Auto vars:     Size  Location     Type
  uartd           1    1[COMMON] unsigned char 
 Return value:  Size  Location     Type
		None               void
 Registers used:
		wreg
 Tracked objects:
		On entry : 
		On exit  : 
		Unchanged: 
 Data sizes:     COMMON   BANK0   BANK1   BANK3   BANK2
      Params:         1       0       0       0       0
      Locals:         1       0       0       0       0
      Temps:          0       0       0       0       0
      Totals:         2       0       0       0       0
Total ram usage:        2 bytes
 Hardware stack levels used:    1
 This function calls:
		Nothing
 This function is called by:
		_main
 This function uses a non-reentrant model


 *************** function _uart_write_array *****************
 Defined at:
		line 122 in file "C:/Users/Ruben/Dropbox/Electronics/MCULib/UART/UART-PIC16.c"
 Parameters:    Size  Location     Type
  uartd           1    wreg     unsigned char 
  txbuf           1    0[COMMON] PTR const unsigned char 
		 -> main@buf(10), 
  len             2    1[COMMON] unsigned short 
 Auto vars:     Size  Location     Type
  uartd           1    0[COMMON] unsigned char 
 Return value:  Size  Location     Type
		None               void
 Registers used:
		wreg, fsr0l, fsr0h, status,2, status,0
 Tracked objects:
		On entry : 
		On exit  : 
		Unchanged: 
 Data sizes:     COMMON   BANK0   BANK1   BANK3   BANK2
      Params:         3       0       0       0       0
      Locals:         0       0       0       0       0
      Temps:          1       0       0       0       0
      Totals:         4       0       0       0       0
Total ram usage:        4 bytes
 Hardware stack levels used:    1
 This function calls:
		Nothing
 This function is called by:
		_main
 This function uses a non-reentrant model


 *************** function ___lldiv *****************
 Defined at:
		line 5 in file "C:\Program Files (x86)\Microchip\xc8\v1.12\sources\lldiv.c"
 Parameters:    Size  Location     Type
  divisor         4    0[COMMON] unsigned long 
  dividend        4    4[COMMON] unsigned long 
 Auto vars:     Size  Location     Type
  quotient        4    9[COMMON] unsigned long 
  counter         1   13[COMMON] unsigned char 
 Return value:  Size  Location     Type
                  4    0[COMMON] unsigned long 
 Registers used:
		wreg, status,2, status,0
 Tracked objects:
		On entry : 
		On exit  : 
		Unchanged: 
 Data sizes:     COMMON   BANK0   BANK1   BANK3   BANK2
      Params:         8       0       0       0       0
      Locals:         5       0       0       0       0
      Temps:          1       0       0       0       0
      Totals:        14       0       0       0       0
Total ram usage:       14 bytes
 Hardware stack levels used:    1
 This function calls:
		Nothing
 This function is called by:
		_uart_control
 This function uses a non-reentrant model



MODULE INFORMATION

Module		Function		Class		Link	Load	Size
C:\Program Files (x86)\Microchip\xc8\v1.12\sources\lldiv.c
		___lldiv       		CODE           	06EA	0000	109

C:\Program Files (x86)\Microchip\xc8\v1.12\sources\lldiv.c estimated size: 109

shared
		__stringtab    		STRING         	0002	0000	6
		__stringdata   		STRING         	0008	0000	23
		__initializatio		CODE           	05E0	0000	0

shared estimated size: 29

main.c
		_main          		CODE           	0757	0000	169

main.c estimated size: 169

C:/Users/Ruben/Dropbox/Electronics/MCULib/UART/UART-PIC16.c
		_uart_write    		CODE           	05E3	0000	20
		_uart_control  		CODE           	069D	0000	77
		_uart_write_arr		CODE           	0653	0000	33
		_uart_read     		CODE           	05F7	0000	21
		_uart_init     		CODE           	060C	0000	22
		_uart_available		CODE           	0622	0000	24
		_uart_puts     		CODE           	0674	0000	41
		_uart_open     		CODE           	063A	0000	25

C:/Users/Ruben/Dropbox/Electronics/MCULib/UART/UART-PIC16.c estimated size: 263

